
> react-typescript-starter@0.1.0 test
> react-scripts test

Browserslist: caniuse-lite is outdated. Please run:
  npx browserslist@latest --update-db
  Why you should do it regularly: https://github.com/browserslist/browserslist#browsers-data-updating
FAIL src/HtmlCss.test.tsx
  ● Console

    console.error
      Warning: validateDOMNesting(...): <ol> cannot appear as a descendant of <p>.
          at ol
          at p
          at div
          at /home/runner/work/tasks/tasks/node_modules/react-bootstrap/cjs/Col.js:72:8
          at div
          at /home/runner/work/tasks/tasks/node_modules/react-bootstrap/cjs/Row.js:22:3
          at div
          at /home/runner/work/tasks/tasks/node_modules/react-bootstrap/cjs/Container.js:24:3
          at div
          at App

      at printWarning (node_modules/react-dom/cjs/react-dom.development.js:67:30)
      at error (node_modules/react-dom/cjs/react-dom.development.js:43:5)
      at validateDOMNesting (node_modules/react-dom/cjs/react-dom.development.js:10083:7)
      at createInstance (node_modules/react-dom/cjs/react-dom.development.js:10181:5)
      at completeWork (node_modules/react-dom/cjs/react-dom.development.js:19464:28)
      at completeUnitOfWork (node_modules/react-dom/cjs/react-dom.development.js:22812:16)
      at performUnitOfWork (node_modules/react-dom/cjs/react-dom.development.js:22787:5)
      at workLoopSync (node_modules/react-dom/cjs/react-dom.development.js:22707:5)

  ● Some Bootstrap Elements are added › Clicking the bootstrap button logs 'Hello World!'

    expect(jest.fn()).toHaveBeenCalledWith(...expected)

    Expected: "Hello World!"
    Received: "Hello World"

    Number of calls: 1

      56 |         const button = screen.getByRole("button", { name: /Log Hello World/i });
      57 |         userEvent.click(button);
    > 58 |         expect(consoleSpy).toHaveBeenCalledWith("Hello World!");
         |                            ^
      59 |     });
      60 | });
      61 |

      at Object.<anonymous> (src/HtmlCss.test.tsx:58:28)

PASS src/text.test.tsx
  ● Console

    console.error
      Warning: validateDOMNesting(...): <ol> cannot appear as a descendant of <p>.
          at ol
          at p
          at div
          at /home/runner/work/tasks/tasks/node_modules/react-bootstrap/cjs/Col.js:72:8
          at div
          at /home/runner/work/tasks/tasks/node_modules/react-bootstrap/cjs/Row.js:22:3
          at div
          at /home/runner/work/tasks/tasks/node_modules/react-bootstrap/cjs/Container.js:24:3
          at div
          at App

      at printWarning (node_modules/react-dom/cjs/react-dom.development.js:67:30)
      at error (node_modules/react-dom/cjs/react-dom.development.js:43:5)
      at validateDOMNesting (node_modules/react-dom/cjs/react-dom.development.js:10083:7)
      at createInstance (node_modules/react-dom/cjs/react-dom.development.js:10181:5)
      at completeWork (node_modules/react-dom/cjs/react-dom.development.js:19464:28)
      at completeUnitOfWork (node_modules/react-dom/cjs/react-dom.development.js:22812:16)
      at performUnitOfWork (node_modules/react-dom/cjs/react-dom.development.js:22787:5)
      at workLoopSync (node_modules/react-dom/cjs/react-dom.development.js:22707:5)

PASS src/App.test.tsx
  ● Console

    console.error
      Warning: validateDOMNesting(...): <ol> cannot appear as a descendant of <p>.
          at ol
          at p
          at div
          at /home/runner/work/tasks/tasks/node_modules/react-bootstrap/cjs/Col.js:72:8
          at div
          at /home/runner/work/tasks/tasks/node_modules/react-bootstrap/cjs/Row.js:22:3
          at div
          at /home/runner/work/tasks/tasks/node_modules/react-bootstrap/cjs/Container.js:24:3
          at div
          at App

      at printWarning (node_modules/react-dom/cjs/react-dom.development.js:67:30)
      at error (node_modules/react-dom/cjs/react-dom.development.js:43:5)
      at validateDOMNesting (node_modules/react-dom/cjs/react-dom.development.js:10083:7)
      at createInstance (node_modules/react-dom/cjs/react-dom.development.js:10181:5)
      at completeWork (node_modules/react-dom/cjs/react-dom.development.js:19464:28)
      at completeUnitOfWork (node_modules/react-dom/cjs/react-dom.development.js:22812:16)
      at performUnitOfWork (node_modules/react-dom/cjs/react-dom.development.js:22787:5)
      at workLoopSync (node_modules/react-dom/cjs/react-dom.development.js:22707:5)

----------|---------|----------|---------|---------|-------------------
File      | % Stmts | % Branch | % Funcs | % Lines | Uncovered Line #s 
----------|---------|----------|---------|---------|-------------------
All files |     100 |      100 |     100 |     100 |                   
 App.tsx  |     100 |      100 |     100 |     100 |                   
----------|---------|----------|---------|---------|-------------------

Test Suites: 1 failed, 2 passed, 3 total
Tests:       1 failed, 8 passed, 9 total
Snapshots:   0 total
Time:        3.483 s
Ran all test suites.
